000 (16205804.002.000) 05/28 17:14:11 Job submitted from host: <188.184.90.241:9618?addrs=188.184.90.241-9618+[2001-1458-201-e4--100-2eb]-9618&alias=bigbird15.cern.ch&noUDP&sock=schedd_1779_d312>
...
040 (16205804.002.000) 05/28 17:15:07 Started transferring input files
	Transferring to host: <188.185.196.25:9618?addrs=188.185.196.25-9618+[2001-1458-303-23--100-15]-9618&alias=b9p16p7150.cern.ch&noUDP&sock=slot1_35_3275_489e_123381>
...
040 (16205804.002.000) 05/28 17:15:07 Finished transferring input files
...
001 (16205804.002.000) 05/28 17:15:08 Job executing on host: <188.185.196.25:9618?addrs=188.185.196.25-9618+[2001-1458-303-23--100-15]-9618&alias=b9p16p7150.cern.ch&noUDP&sock=startd_3223_49d4>
	SlotName: slot1_35@b9p16p7150.cern.ch
	CondorScratchDir = "/pool/condor/dir_14549"
	Cpus = 2
	Disk = 13121
	GPUs = 0
	Memory = 6000
...
006 (16205804.002.000) 05/28 17:15:14 Image size of job updated: 60
	0  -  MemoryUsage of job (MB)
	0  -  ResidentSetSize of job (KB)
...
040 (16205804.002.000) 05/28 17:15:14 Started transferring output files
...
040 (16205804.002.000) 05/28 17:15:14 Finished transferring output files
...
005 (16205804.002.000) 05/28 17:15:14 Job terminated.
	(1) Normal termination (return value 1)
		Usr 0 00:00:00, Sys 0 00:00:00  -  Run Remote Usage
		Usr 0 00:00:00, Sys 0 00:00:00  -  Run Local Usage
		Usr 0 00:00:00, Sys 0 00:00:00  -  Total Remote Usage
		Usr 0 00:00:00, Sys 0 00:00:00  -  Total Local Usage
	4777  -  Run Bytes Sent By Job
	8967689  -  Run Bytes Received By Job
	4777  -  Total Bytes Sent By Job
	8967689  -  Total Bytes Received By Job
	Partitionable Resources :    Usage  Request Allocated 
	   Cpus                 :        0        2         2 
	   Disk (KB)            :     8803    10000     13121 
	   GPUs                 :                           0 
	   Memory (MB)          :        0     6000      6000 
	   TimeExecute (s)      :        6                    
	   TimeSlotBusy (s)     :        8                    
...
