000 (16205803.001.000) 05/28 17:09:36 Job submitted from host: <188.184.90.241:9618?addrs=188.184.90.241-9618+[2001-1458-201-e4--100-2eb]-9618&alias=bigbird15.cern.ch&noUDP&sock=schedd_1779_d312>
...
040 (16205803.001.000) 05/28 17:10:24 Started transferring input files
	Transferring to host: <128.142.33.36:9618?addrs=128.142.33.36-9618+[2001-1458-301-53--100-21]-9618&alias=b9g34p5207.cern.ch&noUDP&sock=slot1_12_7069_7ff9_242764>
...
040 (16205803.001.000) 05/28 17:10:28 Finished transferring input files
...
001 (16205803.001.000) 05/28 17:10:29 Job executing on host: <128.142.33.36:9618?addrs=128.142.33.36-9618+[2001-1458-301-53--100-21]-9618&alias=b9g34p5207.cern.ch&noUDP&sock=startd_6177_7c98>
	SlotName: slot1_12@b9g34p5207.cern.ch
	CondorScratchDir = "/pool/condor/dir_2234748"
	Cpus = 2
	Disk = 12977
	GPUs = 0
	Memory = 6000
...
006 (16205803.001.000) 05/28 17:10:35 Image size of job updated: 56
	0  -  MemoryUsage of job (MB)
	0  -  ResidentSetSize of job (KB)
...
040 (16205803.001.000) 05/28 17:10:35 Started transferring output files
...
040 (16205803.001.000) 05/28 17:10:35 Finished transferring output files
...
005 (16205803.001.000) 05/28 17:10:35 Job terminated.
	(1) Normal termination (return value 1)
		Usr 0 00:00:00, Sys 0 00:00:00  -  Run Remote Usage
		Usr 0 00:00:00, Sys 0 00:00:00  -  Run Local Usage
		Usr 0 00:00:00, Sys 0 00:00:00  -  Total Remote Usage
		Usr 0 00:00:00, Sys 0 00:00:00  -  Total Local Usage
	4610  -  Run Bytes Sent By Job
	8961093  -  Run Bytes Received By Job
	4610  -  Total Bytes Sent By Job
	8961093  -  Total Bytes Received By Job
	Partitionable Resources :    Usage  Request Allocated 
	   Cpus                 :        0        2         2 
	   Disk (KB)            :     8796    10000     12977 
	   GPUs                 :                           0 
	   Memory (MB)          :        0     6000      6000 
	   TimeExecute (s)      :        6                    
	   TimeSlotBusy (s)     :       13                    
...
