000 (16205804.001.000) 05/28 17:14:11 Job submitted from host: <188.184.90.241:9618?addrs=188.184.90.241-9618+[2001-1458-201-e4--100-2eb]-9618&alias=bigbird15.cern.ch&noUDP&sock=schedd_1779_d312>
...
040 (16205804.001.000) 05/28 17:15:06 Started transferring input files
	Transferring to host: <188.185.193.90:9618?addrs=188.185.193.90-9618+[2001-1458-303-20--100-56]-9618&alias=b9p19p2407.cern.ch&noUDP&sock=slot1_17_8429_be30_252593>
...
040 (16205804.001.000) 05/28 17:15:06 Finished transferring input files
...
001 (16205804.001.000) 05/28 17:15:07 Job executing on host: <188.185.193.90:9618?addrs=188.185.193.90-9618+[2001-1458-303-20--100-56]-9618&alias=b9p19p2407.cern.ch&noUDP&sock=startd_7389_d160>
	SlotName: slot1_17@b9p19p2407.cern.ch
	CondorScratchDir = "/pool/condor/dir_4039911"
	Cpus = 2
	Disk = 13084
	GPUs = 0
	Memory = 6000
...
006 (16205804.001.000) 05/28 17:15:14 Image size of job updated: 60
	0  -  MemoryUsage of job (MB)
	0  -  ResidentSetSize of job (KB)
...
040 (16205804.001.000) 05/28 17:15:14 Started transferring output files
...
040 (16205804.001.000) 05/28 17:15:14 Finished transferring output files
...
005 (16205804.001.000) 05/28 17:15:14 Job terminated.
	(1) Normal termination (return value 1)
		Usr 0 00:00:00, Sys 0 00:00:00  -  Run Remote Usage
		Usr 0 00:00:00, Sys 0 00:00:00  -  Run Local Usage
		Usr 0 00:00:00, Sys 0 00:00:00  -  Total Remote Usage
		Usr 0 00:00:00, Sys 0 00:00:00  -  Total Local Usage
	4781  -  Run Bytes Sent By Job
	8967297  -  Run Bytes Received By Job
	4781  -  Total Bytes Sent By Job
	8967297  -  Total Bytes Received By Job
	Partitionable Resources :    Usage  Request Allocated 
	   Cpus                 :        0        2         2 
	   Disk (KB)            :     8802    10000     13084 
	   GPUs                 :                           0 
	   Memory (MB)          :        0     6000      6000 
	   TimeExecute (s)      :        7                    
	   TimeSlotBusy (s)     :        9                    
...
