000 (16205803.002.000) 05/28 17:09:36 Job submitted from host: <188.184.90.241:9618?addrs=188.184.90.241-9618+[2001-1458-201-e4--100-2eb]-9618&alias=bigbird15.cern.ch&noUDP&sock=schedd_1779_d312>
...
040 (16205803.002.000) 05/28 17:10:25 Started transferring input files
	Transferring to host: <128.142.33.13:9618?addrs=128.142.33.13-9618+[2001-1458-301-53--100-3d]-9618&alias=b9g34p8066.cern.ch&noUDP&sock=slot1_18_6086_e331_30207>
...
040 (16205803.002.000) 05/28 17:10:28 Finished transferring input files
...
001 (16205803.002.000) 05/28 17:10:29 Job executing on host: <128.142.33.13:9618?addrs=128.142.33.13-9618+[2001-1458-301-53--100-3d]-9618&alias=b9g34p8066.cern.ch&noUDP&sock=startd_4844_28d9>
	SlotName: slot1_18@b9g34p8066.cern.ch
	CondorScratchDir = "/pool/condor/dir_2518848"
	Cpus = 2
	Disk = 12926
	GPUs = 0
	Memory = 6000
...
006 (16205803.002.000) 05/28 17:10:30 Image size of job updated: 60
	0  -  MemoryUsage of job (MB)
	0  -  ResidentSetSize of job (KB)
...
040 (16205803.002.000) 05/28 17:10:30 Started transferring output files
...
040 (16205803.002.000) 05/28 17:10:30 Finished transferring output files
...
005 (16205803.002.000) 05/28 17:10:30 Job terminated.
	(1) Normal termination (return value 1)
		Usr 0 00:00:00, Sys 0 00:00:00  -  Run Remote Usage
		Usr 0 00:00:00, Sys 0 00:00:00  -  Run Local Usage
		Usr 0 00:00:00, Sys 0 00:00:00  -  Total Remote Usage
		Usr 0 00:00:00, Sys 0 00:00:00  -  Total Local Usage
	4610  -  Run Bytes Sent By Job
	8961567  -  Run Bytes Received By Job
	4610  -  Total Bytes Sent By Job
	8961567  -  Total Bytes Received By Job
	Partitionable Resources :    Usage  Request Allocated 
	   Cpus                 :        0        2         2 
	   Disk (KB)            :     8796    10000     12926 
	   GPUs                 :                           0 
	   Memory (MB)          :        0     6000      6000 
	   TimeExecute (s)      :        1                    
	   TimeSlotBusy (s)     :        7                    
...
